---
source: cli/tests/arguments.rs
expression: "parse(&[\"btrfs\", \"filesystem\", \"mkswapfile\", \"-s\", \"4G\", \"/mnt/swap\"])"
---
Arguments {
    global: GlobalOptions {
        verbose: 0,
        quiet: false,
        dry_run: false,
        log: None,
        format: None,
    },
    command: Filesystem(
        FilesystemCommand {
            subcommand: Mkswapfile(
                FilesystemMkswapfileCommand {
                    size: "4G",
                    uuid: None,
                    path: "/mnt/swap",
                },
            ),
        },
    ),
}
