---
source: cli/tests/arguments.rs
expression: "parse(&[\"btrfs\", \"subvolume\", \"show\", \"/mnt/subvol\"])"
---
Arguments {
    global: GlobalOptions {
        verbose: false,
        quiet: false,
        dry_run: false,
        log: None,
        format: None,
    },
    command: Subvolume(
        SubvolumeCommand {
            subcommand: Show(
                SubvolumeShowCommand {
                    path: "/mnt/subvol",
                },
            ),
        },
    ),
}
