---
source: cli/tests/arguments.rs
expression: "parse(&[\"btrfs\", \"inspect-internal\", \"rootid\", \"/mnt/file\"])"
---
Arguments {
    global: GlobalOptions {
        verbose: 0,
        quiet: false,
        dry_run: false,
        log: None,
        format: None,
    },
    command: Inspect(
        InspectCommand {
            subcommand: Rootid(
                RootidCommand {
                    path: "/mnt/file",
                },
            ),
        },
    ),
}
