---
source: cli/tests/arguments.rs
expression: "parse(&[\"btrfs\", \"device\", \"stats\", \"-c\", \"/mnt\"])"
---
Arguments {
    global: GlobalOptions {
        verbose: 0,
        quiet: false,
        dry_run: false,
        log: None,
        format: None,
    },
    command: Device(
        DeviceCommand {
            subcommand: Stats(
                DeviceStatsCommand {
                    check: true,
                    reset: false,
                    path: "/mnt",
                },
            ),
        },
    ),
}
