---
source: cli/tests/arguments.rs
expression: "parse(&[\"btrfs\", \"subvolume\", \"list\", \"-G\", \"+50\", \"/mnt\"])"
---
Arguments {
    global: GlobalOptions {
        verbose: false,
        quiet: false,
        dry_run: false,
        log: None,
        format: None,
    },
    command: Subvolume(
        SubvolumeCommand {
            subcommand: List(
                SubvolumeListCommand {
                    parent: false,
                    generation: false,
                    ogeneration: false,
                    uuid: false,
                    parent_uuid: false,
                    received_uuid: false,
                    readonly: false,
                    snapshots_only: false,
                    only_below: false,
                    all: false,
                    deleted: false,
                    table: false,
                    gen_filter: Some(
                        AtLeast(
                            50,
                        ),
                    ),
                    ogen_filter: None,
                    sort: [],
                    path: "/mnt",
                },
            ),
        },
    ),
}
