---
source: cli/tests/arguments.rs
expression: "parse(&[\"btrfs\", \"subvolume\", \"delete\", \"-c\", \"/mnt/subvol\"])"
---
Arguments {
    global: GlobalOptions {
        verbose: false,
        quiet: false,
        dry_run: false,
        log: None,
        format: None,
    },
    command: Subvolume(
        SubvolumeCommand {
            subcommand: Delete(
                SubvolumeDeleteCommand {
                    commit_after: true,
                    commit_each: false,
                    subvolid: None,
                    recursive: false,
                    verbose: false,
                    paths: [
                        "/mnt/subvol",
                    ],
                },
            ),
        },
    ),
}
