---
source: cli/tests/arguments.rs
expression: "parse(&[\"btrfs\", \"filesystem\", \"defragment\", \"/mnt/file\"])"
---
Arguments {
    global: GlobalOptions {
        verbose: 0,
        quiet: false,
        dry_run: false,
        log: None,
        format: None,
    },
    command: Filesystem(
        FilesystemCommand {
            subcommand: Defragment(
                FilesystemDefragCommand {
                    recursive: false,
                    flush: false,
                    compress: None,
                    compress_level: None,
                    nocomp: false,
                    start: None,
                    len: None,
                    target: None,
                    step: None,
                    paths: [
                        "/mnt/file",
                    ],
                },
            ),
        },
    ),
}
