---
source: cli/tests/arguments.rs
expression: "parse(&[\"btrfs\", \"subvolume\", \"snapshot\", \"-r\", \"/mnt/src\", \"/mnt/dst\"])"
---
Arguments {
    global: GlobalOptions {
        verbose: 0,
        quiet: false,
        dry_run: false,
        log: None,
        format: None,
    },
    command: Subvolume(
        SubvolumeCommand {
            subcommand: Snapshot(
                SubvolumeSnapshotCommand {
                    readonly: true,
                    qgroups: [],
                    source: "/mnt/src",
                    dest: "/mnt/dst",
                },
            ),
        },
    ),
}
