---
source: cli/tests/arguments.rs
expression: "parse(&[\"btrfs\", \"subvolume\", \"list\", \"-purR\", \"/mnt\"])"
---
Arguments {
    global: GlobalOptions {
        verbose: 0,
        quiet: false,
        dry_run: false,
        log: None,
        format: None,
    },
    command: Subvolume(
        SubvolumeCommand {
            subcommand: List(
                SubvolumeListCommand {
                    only_below: false,
                    all: false,
                    parent: true,
                    ogeneration: false,
                    generation: false,
                    uuid: true,
                    parent_uuid: false,
                    received_uuid: true,
                    snapshots_only: false,
                    readonly: true,
                    deleted: false,
                    table: false,
                    gen_filter: None,
                    ogen_filter: None,
                    sort: [],
                    path: "/mnt",
                },
            ),
        },
    ),
}
