---
source: cli/tests/help.rs
expression: text
---
Fix data checksum mismatches

Walks the csum tree, recomputes the CRC32C of every covered data block, and
reports any mismatches. With `--mirror N`, mismatched csums are rewritten in
place using the data from mirror N (only mirror 1 is currently supported, since
multi-device write paths are not yet implemented).

The device must not be mounted.

Usage: fix-data-checksum [OPTIONS] <DEVICE>

Arguments:
  <DEVICE>
          Device to operate on

Options:
  -r, --readonly
          Readonly mode, only report errors without repair

  -i, --interactive
          Interactive mode, ignore the error by default

  -m, --mirror <MIRROR>
          Update csum item using specified mirror

  -h, --help
          Print help (see a summary with '-h')
