---
source: cli/tests/help.rs
expression: text
---
Modify btrfs filesystem parameters and features on an unmounted device.

These commands work by by writing directly to the on-disk superblock and tree
structures.

Operations are grouped into feature flags, UUID changes, and seeding. Only one
group may be used per invocation. The legacy feature flags (-r, -x, -n) can be
combined with each other but not with other groups.

The legacy feature flags enable on-disk format features that were once optional
but are now enabled by default on all new filesystems created by mkfs.btrfs.
They exist for upgrading old filesystems in place.

Usage: tune [OPTIONS] <DEVICE>

Arguments:
  <DEVICE>
          Path to the btrfs device

Options:
  -f, --force
          Allow dangerous operations without confirmation

  -h, --help
          Print help (see a summary with '-h')

  -V, --version
          Print version

Legacy feature flags:
  -r
          Enable extended inode refs (extref)

  -x
          Enable skinny metadata extent refs

  -n
          Enable no-holes feature

UUID:
  -m
          Change fsid to a random UUID via the metadata_uuid mechanism

  -M <UUID>
          Change fsid to the given UUID via the metadata_uuid mechanism

  -u
          Rewrite fsid to a random UUID (rewrites all tree block headers)

  -U <UUID>
          Rewrite fsid to the given UUID (rewrites all tree block headers)

Seeding:
  -S <SEEDING>
          Set (1) or clear (0) the seeding flag

Format conversions:
      --convert-to-free-space-tree
          Convert the filesystem to use the free space tree (v2 cache). The
          filesystem must not already have the free-space-tree feature enabled,
          must not have a stale free space tree root, and must not have any v1
          free-space-cache items present (clear them with `btrfs rescue
          clear-space-cache` first)

      --convert-to-block-group-tree
          Convert the filesystem to use the block group tree. The filesystem
          must not already have the block-group-tree feature enabled and must
          already have the free-space-tree feature enabled (the kernel requires
          FST for BGT). When combined with --convert-to-free-space-tree, both
          conversions run in sequence
