---
source: cli/tests/help.rs
expression: text
---
Resolve the path of a subvolume given its ID

Usage: subvolid-resolve <SUBVOLID> <PATH>

Arguments:
  <SUBVOLID>
          Subvolume ID to resolve

  <PATH>
          Path to a file or directory on the btrfs filesystem

Options:
  -h, --help
          Print help
