---
source: cli/tests/help.rs
expression: text
---
Show the status of a running or finished scrub

Usage: status [OPTIONS] <PATH>

Arguments:
  <PATH>
          Path to a mounted btrfs filesystem or a device

Options:
  -d, --device
          Show stats per device

  -h, --help
          Print help
