---
source: cli/tests/help.rs
expression: text
---
Show information about one or more mounted or unmounted filesystems

Usage: show [OPTIONS] [FILTER]

Arguments:
  [FILTER]
          Path, UUID, device or label to show (shows all if omitted)

Options:
  -d, --all-devices
          Search all devices, including unmounted ones

  -m, --mounted
          Search only mounted filesystems

      --raw
          Show raw numbers in bytes

      --human-readable
          Show human-friendly numbers using base 1024 (default)

      --iec
          Use 1024 as a base (KiB, MiB, GiB, TiB)

      --si
          Use 1000 as a base (kB, MB, GB, TB)

      --kbytes
          Show sizes in KiB, or kB with --si

      --mbytes
          Show sizes in MiB, or MB with --si

      --gbytes
          Show sizes in GiB, or GB with --si

      --tbytes
          Show sizes in TiB, or TB with --si

  -h, --help
          Print help
