---
source: cli/tests/commands/fixture.rs
description: btrfs restore -D -S <IMG> <OUTPUT>
expression: redacted
---
<OUTPUT>/btrfs-progrs/
<OUTPUT>/btrfs-progrs/Cargo.toml
<OUTPUT>/btrfs-progrs/Cargo.lock
<OUTPUT>/btrfs-progrs/Justfile
<OUTPUT>/btrfs-progrs/README.md
<OUTPUT>/btrfs-progrs/uapi/
<OUTPUT>/btrfs-progrs/uapi/src/
<OUTPUT>/btrfs-progrs/uapi/src/raw.rs
<OUTPUT>/btrfs-progrs/uapi/src/balance.rs
<OUTPUT>/btrfs-progrs/uapi/src/sync.rs
<OUTPUT>/btrfs-progrs/uapi/src/label.rs
<OUTPUT>/btrfs-progrs/uapi/src/raw/
<OUTPUT>/btrfs-progrs/uapi/src/raw/btrfs.h
<OUTPUT>/btrfs-progrs/uapi/src/raw/btrfs_tree.h
<OUTPUT>/btrfs-progrs/uapi/src/filesystem.rs
<OUTPUT>/btrfs-progrs/uapi/src/quota.rs
<OUTPUT>/btrfs-progrs/uapi/src/util.rs
<OUTPUT>/btrfs-progrs/uapi/src/dev_extent.rs
<OUTPUT>/btrfs-progrs/uapi/src/inode.rs
<OUTPUT>/btrfs-progrs/uapi/src/fiemap.rs
<OUTPUT>/btrfs-progrs/uapi/src/send.rs
<OUTPUT>/btrfs-progrs/uapi/src/sysfs.rs
<OUTPUT>/btrfs-progrs/uapi/src/receive.rs
<OUTPUT>/btrfs-progrs/uapi/src/lib.rs
<OUTPUT>/btrfs-progrs/uapi/src/tree_search.rs
<OUTPUT>/btrfs-progrs/uapi/src/subvolume.rs
<OUTPUT>/btrfs-progrs/uapi/src/space.rs
<OUTPUT>/btrfs-progrs/uapi/src/chunk.rs
<OUTPUT>/btrfs-progrs/uapi/src/defrag.rs
<OUTPUT>/btrfs-progrs/uapi/src/device.rs
<OUTPUT>/btrfs-progrs/uapi/src/scrub.rs
<OUTPUT>/btrfs-progrs/uapi/src/resize.rs
<OUTPUT>/btrfs-progrs/uapi/src/replace.rs
<OUTPUT>/btrfs-progrs/uapi/src/qgroup.rs
<OUTPUT>/btrfs-progrs/uapi/build.rs
<OUTPUT>/btrfs-progrs/uapi/tests/
<OUTPUT>/btrfs-progrs/uapi/tests/common.rs
<OUTPUT>/btrfs-progrs/uapi/tests/tests.rs
<OUTPUT>/btrfs-progrs/uapi/tests/balance.rs
<OUTPUT>/btrfs-progrs/uapi/tests/chunk.rs
<OUTPUT>/btrfs-progrs/uapi/tests/defrag.rs
<OUTPUT>/btrfs-progrs/uapi/tests/dev_extent.rs
<OUTPUT>/btrfs-progrs/uapi/tests/device.rs
<OUTPUT>/btrfs-progrs/uapi/tests/fiemap.rs
<OUTPUT>/btrfs-progrs/uapi/tests/filesystem.rs
<OUTPUT>/btrfs-progrs/uapi/tests/inode.rs
<OUTPUT>/btrfs-progrs/uapi/tests/label.rs
<OUTPUT>/btrfs-progrs/uapi/tests/quota.rs
<OUTPUT>/btrfs-progrs/uapi/tests/space.rs
<OUTPUT>/btrfs-progrs/uapi/tests/sync_test.rs
<OUTPUT>/btrfs-progrs/uapi/tests/sysfs.rs
<OUTPUT>/btrfs-progrs/uapi/tests/tree_search.rs
<OUTPUT>/btrfs-progrs/uapi/tests/subvolume.rs
<OUTPUT>/btrfs-progrs/uapi/tests/replace.rs
<OUTPUT>/btrfs-progrs/uapi/tests/scrub.rs
<OUTPUT>/btrfs-progrs/uapi/tests/resize.rs
<OUTPUT>/btrfs-progrs/uapi/tests/qgroup.rs
<OUTPUT>/btrfs-progrs/uapi/README.md
<OUTPUT>/btrfs-progrs/uapi/Cargo.toml
<OUTPUT>/btrfs-progrs/disk/
<OUTPUT>/btrfs-progrs/disk/src/
<OUTPUT>/btrfs-progrs/disk/src/raw/
<OUTPUT>/btrfs-progrs/disk/src/raw/linux/
<OUTPUT>/btrfs-progrs/disk/src/raw/linux/types.h
<OUTPUT>/btrfs-progrs/disk/src/raw/btrfs.h
<OUTPUT>/btrfs-progrs/disk/src/raw/btrfs_tree.h
<OUTPUT>/btrfs-progrs/disk/src/raw.rs
<OUTPUT>/btrfs-progrs/disk/src/lib.rs
<OUTPUT>/btrfs-progrs/disk/src/superblock.rs
<OUTPUT>/btrfs-progrs/disk/src/stream.rs
<OUTPUT>/btrfs-progrs/disk/build.rs
<OUTPUT>/btrfs-progrs/disk/README.md
<OUTPUT>/btrfs-progrs/disk/Cargo.toml
<OUTPUT>/btrfs-progrs/cli/
<OUTPUT>/btrfs-progrs/cli/src/
<OUTPUT>/btrfs-progrs/cli/src/main.rs
<OUTPUT>/btrfs-progrs/cli/src/balance.rs
<OUTPUT>/btrfs-progrs/cli/src/filesystem/
<OUTPUT>/btrfs-progrs/cli/src/filesystem/df.rs
<OUTPUT>/btrfs-progrs/cli/src/filesystem/du.rs
<OUTPUT>/btrfs-progrs/cli/src/filesystem/sync.rs
<OUTPUT>/btrfs-progrs/cli/src/filesystem/resize.rs
<OUTPUT>/btrfs-progrs/cli/src/filesystem/mkswapfile.rs
<OUTPUT>/btrfs-progrs/cli/src/filesystem/commit_stats.rs
<OUTPUT>/btrfs-progrs/cli/src/filesystem/label.rs
<OUTPUT>/btrfs-progrs/cli/src/filesystem/usage.rs
<OUTPUT>/btrfs-progrs/cli/src/filesystem/show.rs
<OUTPUT>/btrfs-progrs/cli/src/filesystem/defrag.rs
<OUTPUT>/btrfs-progrs/cli/src/filesystem.rs
<OUTPUT>/btrfs-progrs/cli/src/scrub.rs
<OUTPUT>/btrfs-progrs/cli/src/device/
<OUTPUT>/btrfs-progrs/cli/src/device/add.rs
<OUTPUT>/btrfs-progrs/cli/src/device/remove.rs
<OUTPUT>/btrfs-progrs/cli/src/device/stats.rs
<OUTPUT>/btrfs-progrs/cli/src/device/scan.rs
<OUTPUT>/btrfs-progrs/cli/src/device/ready.rs
<OUTPUT>/btrfs-progrs/cli/src/device/usage.rs
<OUTPUT>/btrfs-progrs/cli/src/device.rs
<OUTPUT>/btrfs-progrs/cli/src/subvolume/
<OUTPUT>/btrfs-progrs/cli/src/subvolume/create.rs
<OUTPUT>/btrfs-progrs/cli/src/subvolume/delete.rs
<OUTPUT>/btrfs-progrs/cli/src/subvolume/snapshot.rs
<OUTPUT>/btrfs-progrs/cli/src/subvolume/show.rs
<OUTPUT>/btrfs-progrs/cli/src/subvolume/list.rs
<OUTPUT>/btrfs-progrs/cli/src/subvolume/get_default.rs
<OUTPUT>/btrfs-progrs/cli/src/subvolume/set_default.rs
<OUTPUT>/btrfs-progrs/cli/src/subvolume/find_new.rs
<OUTPUT>/btrfs-progrs/cli/src/subvolume/sync.rs
<OUTPUT>/btrfs-progrs/cli/src/subvolume/flags.rs
<OUTPUT>/btrfs-progrs/cli/src/subvolume.rs
<OUTPUT>/btrfs-progrs/cli/src/inspect/
<OUTPUT>/btrfs-progrs/cli/src/inspect/rootid.rs
<OUTPUT>/btrfs-progrs/cli/src/inspect/inode_resolve.rs
<OUTPUT>/btrfs-progrs/cli/src/inspect/logical_resolve.rs
<OUTPUT>/btrfs-progrs/cli/src/inspect/subvolid_resolve.rs
<OUTPUT>/btrfs-progrs/cli/src/inspect/map_swapfile.rs
<OUTPUT>/btrfs-progrs/cli/src/inspect/dump_tree.rs
<OUTPUT>/btrfs-progrs/cli/src/inspect/tree_stats.rs
<OUTPUT>/btrfs-progrs/cli/src/inspect/list_chunks.rs
<OUTPUT>/btrfs-progrs/cli/src/inspect/min_dev_size.rs
<OUTPUT>/btrfs-progrs/cli/src/inspect/dump_super.rs
<OUTPUT>/btrfs-progrs/cli/src/inspect.rs
<OUTPUT>/btrfs-progrs/cli/src/check.rs
<OUTPUT>/btrfs-progrs/cli/src/restore.rs
<OUTPUT>/btrfs-progrs/cli/src/replace/
<OUTPUT>/btrfs-progrs/cli/src/replace/cancel.rs
<OUTPUT>/btrfs-progrs/cli/src/replace/status.rs
<OUTPUT>/btrfs-progrs/cli/src/replace/start.rs
<OUTPUT>/btrfs-progrs/cli/src/rescue/
<OUTPUT>/btrfs-progrs/cli/src/rescue/chunk_recover.rs
<OUTPUT>/btrfs-progrs/cli/src/rescue/super_recover.rs
<OUTPUT>/btrfs-progrs/cli/src/rescue/fix_device_size.rs
<OUTPUT>/btrfs-progrs/cli/src/rescue/create_control_device.rs
<OUTPUT>/btrfs-progrs/cli/src/rescue/clear_uuid_tree.rs
<OUTPUT>/btrfs-progrs/cli/src/rescue/zero_log.rs
<OUTPUT>/btrfs-progrs/cli/src/rescue/clear_space_cache.rs
<OUTPUT>/btrfs-progrs/cli/src/rescue/fix_data_checksum.rs
<OUTPUT>/btrfs-progrs/cli/src/rescue/clear_ino_cache.rs
<OUTPUT>/btrfs-progrs/cli/src/property/
<OUTPUT>/btrfs-progrs/cli/src/property/get.rs
<OUTPUT>/btrfs-progrs/cli/src/property/list.rs
<OUTPUT>/btrfs-progrs/cli/src/property/set.rs
<OUTPUT>/btrfs-progrs/cli/src/quota/
<OUTPUT>/btrfs-progrs/cli/src/quota/disable.rs
<OUTPUT>/btrfs-progrs/cli/src/quota/status.rs
<OUTPUT>/btrfs-progrs/cli/src/quota/enable.rs
<OUTPUT>/btrfs-progrs/cli/src/quota/rescan.rs
<OUTPUT>/btrfs-progrs/cli/src/qgroup/
<OUTPUT>/btrfs-progrs/cli/src/qgroup/create.rs
<OUTPUT>/btrfs-progrs/cli/src/qgroup/clear_stale.rs
<OUTPUT>/btrfs-progrs/cli/src/qgroup/destroy.rs
<OUTPUT>/btrfs-progrs/cli/src/qgroup/assign.rs
<OUTPUT>/btrfs-progrs/cli/src/qgroup/remove.rs
<OUTPUT>/btrfs-progrs/cli/src/qgroup/limit.rs
<OUTPUT>/btrfs-progrs/cli/src/qgroup/show.rs
<OUTPUT>/btrfs-progrs/cli/src/rescue.rs
<OUTPUT>/btrfs-progrs/cli/src/property.rs
<OUTPUT>/btrfs-progrs/cli/src/quota.rs
<OUTPUT>/btrfs-progrs/cli/src/replace.rs
<OUTPUT>/btrfs-progrs/cli/src/qgroup.rs
<OUTPUT>/btrfs-progrs/cli/src/balance/
<OUTPUT>/btrfs-progrs/cli/src/balance/pause.rs
<OUTPUT>/btrfs-progrs/cli/src/balance/cancel.rs
<OUTPUT>/btrfs-progrs/cli/src/balance/resume.rs
<OUTPUT>/btrfs-progrs/cli/src/balance/status.rs
<OUTPUT>/btrfs-progrs/cli/src/balance/start.rs
<OUTPUT>/btrfs-progrs/cli/src/scrub/
<OUTPUT>/btrfs-progrs/cli/src/scrub/start.rs
<OUTPUT>/btrfs-progrs/cli/src/scrub/cancel.rs
<OUTPUT>/btrfs-progrs/cli/src/scrub/resume.rs
<OUTPUT>/btrfs-progrs/cli/src/scrub/status.rs
<OUTPUT>/btrfs-progrs/cli/src/scrub/limit.rs
<OUTPUT>/btrfs-progrs/cli/src/send.rs
<OUTPUT>/btrfs-progrs/cli/src/receive/
<OUTPUT>/btrfs-progrs/cli/src/receive/ops.rs
<OUTPUT>/btrfs-progrs/cli/src/receive/dump.rs
<OUTPUT>/btrfs-progrs/cli/src/util.rs
<OUTPUT>/btrfs-progrs/cli/src/lib.rs
<OUTPUT>/btrfs-progrs/cli/src/receive.rs
<OUTPUT>/btrfs-progrs/cli/README.md
<OUTPUT>/btrfs-progrs/cli/tests/
<OUTPUT>/btrfs-progrs/cli/tests/arguments.rs
<OUTPUT>/btrfs-progrs/cli/tests/snapshots/
<OUTPUT>/btrfs-progrs/cli/tests/snapshots/arguments__balance_cancel.snap
<OUTPUT>/btrfs-progrs/cli/tests/snapshots/arguments__balance_pause.snap
<OUTPUT>/btrfs-progrs/cli/tests/snapshots/arguments__balance_resume.snap
<OUTPUT>/btrfs-progrs/cli/tests/snapshots/arguments__balance_start.snap
<OUTPUT>/btrfs-progrs/cli/tests/snapshots/arguments__balance_start_missing_path.snap
<OUTPUT>/btrfs-progrs/cli/tests/snapshots/arguments__balance_start_with_filters.snap
<OUTPUT>/btrfs-progrs/cli/tests/snapshots/arguments__balance_status.snap
<OUTPUT>/btrfs-progrs/cli/tests/snapshots/arguments__device_add.snap
<OUTPUT>/btrfs-progrs/cli/tests/snapshots/arguments__device_add_missing_mount.snap
<OUTPUT>/btrfs-progrs/cli/tests/snapshots/arguments__device_ready.snap
<OUTPUT>/btrfs-progrs/cli/tests/snapshots/arguments__device_remove.snap
<OUTPUT>/btrfs-progrs/cli/tests/snapshots/arguments__device_scan.snap
<OUTPUT>/btrfs-progrs/cli/tests/snapshots/arguments__device_stats.snap
<OUTPUT>/btrfs-progrs/cli/tests/snapshots/arguments__device_stats_check.snap
<OUTPUT>/btrfs-progrs/cli/tests/snapshots/arguments__filesystem_defrag.snap
<OUTPUT>/btrfs-progrs/cli/tests/snapshots/arguments__filesystem_defrag_compress.snap
<OUTPUT>/btrfs-progrs/cli/tests/snapshots/arguments__filesystem_df.snap
<OUTPUT>/btrfs-progrs/cli/tests/snapshots/arguments__filesystem_df_missing_path.snap
<OUTPUT>/btrfs-progrs/cli/tests/snapshots/arguments__filesystem_du.snap
<OUTPUT>/btrfs-progrs/cli/tests/snapshots/arguments__filesystem_label_get.snap
<OUTPUT>/btrfs-progrs/cli/tests/snapshots/arguments__filesystem_label_set.snap
<OUTPUT>/btrfs-progrs/cli/tests/snapshots/arguments__filesystem_mkswapfile.snap
<OUTPUT>/btrfs-progrs/cli/tests/snapshots/arguments__filesystem_mkswapfile_with_size.snap
<OUTPUT>/btrfs-progrs/cli/tests/snapshots/arguments__filesystem_resize.snap
<OUTPUT>/btrfs-progrs/cli/tests/snapshots/arguments__filesystem_resize_missing_path.snap
<OUTPUT>/btrfs-progrs/cli/tests/snapshots/arguments__filesystem_show.snap
<OUTPUT>/btrfs-progrs/cli/tests/snapshots/arguments__filesystem_show_no_args.snap
<OUTPUT>/btrfs-progrs/cli/tests/snapshots/arguments__filesystem_sync.snap
<OUTPUT>/btrfs-progrs/cli/tests/snapshots/arguments__filesystem_usage.snap
<OUTPUT>/btrfs-progrs/cli/tests/snapshots/arguments__global_quiet.snap
<OUTPUT>/btrfs-progrs/cli/tests/snapshots/arguments__global_verbose.snap
<OUTPUT>/btrfs-progrs/cli/tests/snapshots/arguments__inspect_dump_super.snap
<OUTPUT>/btrfs-progrs/cli/tests/snapshots/arguments__inspect_dump_super_full_all.snap
<OUTPUT>/btrfs-progrs/cli/tests/snapshots/arguments__inspect_inode_resolve.snap
<OUTPUT>/btrfs-progrs/cli/tests/snapshots/arguments__inspect_inode_resolve_missing_args.snap
<OUTPUT>/btrfs-progrs/cli/tests/snapshots/arguments__inspect_list_chunks.snap
<OUTPUT>/btrfs-progrs/cli/tests/snapshots/arguments__inspect_logical_resolve.snap
<OUTPUT>/btrfs-progrs/cli/tests/snapshots/arguments__inspect_min_dev_size.snap
<OUTPUT>/btrfs-progrs/cli/tests/snapshots/arguments__inspect_rootid.snap
<OUTPUT>/btrfs-progrs/cli/tests/snapshots/arguments__inspect_subvolid_resolve.snap
<OUTPUT>/btrfs-progrs/cli/tests/snapshots/arguments__no_subcommand.snap
<OUTPUT>/btrfs-progrs/cli/tests/snapshots/arguments__property_get.snap
<OUTPUT>/btrfs-progrs/cli/tests/snapshots/arguments__property_get_named.snap
<OUTPUT>/btrfs-progrs/cli/tests/snapshots/arguments__property_list.snap
<OUTPUT>/btrfs-progrs/cli/tests/snapshots/arguments__property_set.snap
<OUTPUT>/btrfs-progrs/cli/tests/snapshots/arguments__property_set_missing_value.snap
<OUTPUT>/btrfs-progrs/cli/tests/snapshots/arguments__qgroup_assign.snap
<OUTPUT>/btrfs-progrs/cli/tests/snapshots/arguments__qgroup_assign_no_rescan.snap
<OUTPUT>/btrfs-progrs/cli/tests/snapshots/arguments__qgroup_clear_stale.snap
<OUTPUT>/btrfs-progrs/cli/tests/snapshots/arguments__qgroup_create.snap
<OUTPUT>/btrfs-progrs/cli/tests/snapshots/arguments__qgroup_create_missing_path.snap
<OUTPUT>/btrfs-progrs/cli/tests/snapshots/arguments__qgroup_destroy.snap
<OUTPUT>/btrfs-progrs/cli/tests/snapshots/arguments__qgroup_limit.snap
<OUTPUT>/btrfs-progrs/cli/tests/snapshots/arguments__qgroup_limit_none.snap
<OUTPUT>/btrfs-progrs/cli/tests/snapshots/arguments__qgroup_remove.snap
<OUTPUT>/btrfs-progrs/cli/tests/snapshots/arguments__qgroup_show.snap
<OUTPUT>/btrfs-progrs/cli/tests/snapshots/arguments__qgroup_show_with_flags.snap
<OUTPUT>/btrfs-progrs/cli/tests/snapshots/arguments__quota_disable.snap
<OUTPUT>/btrfs-progrs/cli/tests/snapshots/arguments__quota_enable.snap
<OUTPUT>/btrfs-progrs/cli/tests/snapshots/arguments__quota_enable_simple.snap
<OUTPUT>/btrfs-progrs/cli/tests/snapshots/arguments__quota_rescan.snap
<OUTPUT>/btrfs-progrs/cli/tests/snapshots/arguments__quota_rescan_status.snap
<OUTPUT>/btrfs-progrs/cli/tests/snapshots/arguments__quota_status.snap
<OUTPUT>/btrfs-progrs/cli/tests/snapshots/arguments__receive_basic.snap
<OUTPUT>/btrfs-progrs/cli/tests/snapshots/arguments__receive_dump.snap
<OUTPUT>/btrfs-progrs/cli/tests/snapshots/arguments__receive_from_file.snap
<OUTPUT>/btrfs-progrs/cli/tests/snapshots/arguments__replace_cancel.snap
<OUTPUT>/btrfs-progrs/cli/tests/snapshots/arguments__replace_start.snap
<OUTPUT>/btrfs-progrs/cli/tests/snapshots/arguments__replace_start_missing_args.snap
<OUTPUT>/btrfs-progrs/cli/tests/snapshots/arguments__replace_status.snap
<OUTPUT>/btrfs-progrs/cli/tests/snapshots/arguments__scrub_cancel.snap
<OUTPUT>/btrfs-progrs/cli/tests/snapshots/arguments__scrub_resume.snap
<OUTPUT>/btrfs-progrs/cli/tests/snapshots/arguments__scrub_start.snap
<OUTPUT>/btrfs-progrs/cli/tests/snapshots/arguments__scrub_start_readonly.snap
<OUTPUT>/btrfs-progrs/cli/tests/snapshots/arguments__scrub_status.snap
<OUTPUT>/btrfs-progrs/cli/tests/snapshots/arguments__send_basic.snap
<OUTPUT>/btrfs-progrs/cli/tests/snapshots/arguments__send_incremental.snap
<OUTPUT>/btrfs-progrs/cli/tests/snapshots/arguments__send_missing_subvol.snap
<OUTPUT>/btrfs-progrs/cli/tests/snapshots/arguments__send_no_data.snap
<OUTPUT>/btrfs-progrs/cli/tests/snapshots/arguments__send_to_file.snap
<OUTPUT>/btrfs-progrs/cli/tests/snapshots/arguments__subvolume_create.snap
<OUTPUT>/btrfs-progrs/cli/tests/snapshots/arguments__subvolume_create_missing_path.snap
<OUTPUT>/btrfs-progrs/cli/tests/snapshots/arguments__subvolume_delete.snap
<OUTPUT>/btrfs-progrs/cli/tests/snapshots/arguments__subvolume_delete_missing_path.snap
<OUTPUT>/btrfs-progrs/cli/tests/snapshots/arguments__subvolume_get_default.snap
<OUTPUT>/btrfs-progrs/cli/tests/snapshots/arguments__subvolume_list.snap
<OUTPUT>/btrfs-progrs/cli/tests/snapshots/arguments__subvolume_list_with_flags.snap
<OUTPUT>/btrfs-progrs/cli/tests/snapshots/arguments__subvolume_set_default.snap
<OUTPUT>/btrfs-progrs/cli/tests/snapshots/arguments__subvolume_show.snap
<OUTPUT>/btrfs-progrs/cli/tests/snapshots/arguments__subvolume_snapshot.snap
<OUTPUT>/btrfs-progrs/cli/tests/snapshots/arguments__subvolume_snapshot_missing_dest.snap
<OUTPUT>/btrfs-progrs/cli/tests/snapshots/arguments__subvolume_snapshot_readonly.snap
<OUTPUT>/btrfs-progrs/cli/tests/snapshots/arguments__unknown_subcommand.snap
<OUTPUT>/btrfs-progrs/cli/tests/snapshots/cli_snapshots__cli_device_stats.snap
<OUTPUT>/btrfs-progrs/cli/tests/snapshots/cli_snapshots__cli_filesystem_commit_stats.snap
<OUTPUT>/btrfs-progrs/cli/tests/snapshots/cli_snapshots__cli_filesystem_df.snap
<OUTPUT>/btrfs-progrs/cli/tests/snapshots/cli_snapshots__cli_filesystem_label.snap
<OUTPUT>/btrfs-progrs/cli/tests/snapshots/cli_snapshots__cli_filesystem_show.snap
<OUTPUT>/btrfs-progrs/cli/tests/snapshots/cli_snapshots__cli_filesystem_usage.snap
<OUTPUT>/btrfs-progrs/cli/tests/snapshots/cli_snapshots__cli_inspect_list_chunks.snap
<OUTPUT>/btrfs-progrs/cli/tests/snapshots/cli_snapshots__cli_inspect_rootid.snap
<OUTPUT>/btrfs-progrs/cli/tests/snapshots/cli_snapshots__cli_property_get_ro.snap
<OUTPUT>/btrfs-progrs/cli/tests/snapshots/cli_snapshots__cli_property_list.snap
<OUTPUT>/btrfs-progrs/cli/tests/snapshots/cli_snapshots__cli_qgroup_show.snap
<OUTPUT>/btrfs-progrs/cli/tests/snapshots/cli_snapshots__cli_quota_status.snap
<OUTPUT>/btrfs-progrs/cli/tests/snapshots/cli_snapshots__cli_receive_dump.snap
<OUTPUT>/btrfs-progrs/cli/tests/snapshots/cli_snapshots__cli_subvolume_get_default.snap
<OUTPUT>/btrfs-progrs/cli/tests/snapshots/cli_snapshots__cli_subvolume_list.snap
<OUTPUT>/btrfs-progrs/cli/tests/snapshots/cli_snapshots__cli_subvolume_show.snap
<OUTPUT>/btrfs-progrs/cli/tests/privileged.rs
<OUTPUT>/btrfs-progrs/cli/tests/common.rs
<OUTPUT>/btrfs-progrs/cli/tests/cli_snapshots.rs
<OUTPUT>/btrfs-progrs/cli/Cargo.toml
<OUTPUT>/toplevel.txt
